// Jest Snapshot v1, https://goo.gl/fbAQLP

exports[`Pruebas en <FistApp /> Debe de hacer match con el snapshot 1`] = `
<div>
  <h1
    data-testid="test-title"
  >
    Hola soy camilo
  </h1>
  <p>
    1234
  </p>
</div>
`;
